/home/hyunj/FiXit_ws/install/vision/lib/python3.10/site-packages/vision/data_recording.py
/home/hyunj/FiXit_ws/install/vision/lib/python3.10/site-packages/vision/finger_detector.py
/home/hyunj/FiXit_ws/install/vision/lib/python3.10/site-packages/vision/create_data_dirs.py
/home/hyunj/FiXit_ws/install/vision/lib/python3.10/site-packages/vision/move_images.py
/home/hyunj/FiXit_ws/install/vision/lib/python3.10/site-packages/vision/open_grip.py
/home/hyunj/FiXit_ws/install/vision/lib/python3.10/site-packages/vision/yolo_finger.py
/home/hyunj/FiXit_ws/install/vision/lib/python3.10/site-packages/vision/move_labels.py
/home/hyunj/FiXit_ws/install/vision/lib/python3.10/site-packages/vision/label_remapping.py
/home/hyunj/FiXit_ws/install/vision/lib/python3.10/site-packages/vision/go_home.py
/home/hyunj/FiXit_ws/install/vision/lib/python3.10/site-packages/vision/close_grip.py
/home/hyunj/FiXit_ws/install/vision/lib/python3.10/site-packages/vision/ros_move.py
/home/hyunj/FiXit_ws/install/vision/lib/python3.10/site-packages/vision/__init__.py
/home/hyunj/FiXit_ws/install/vision/lib/python3.10/site-packages/vision/ros_yolo_finger.py
/home/hyunj/FiXit_ws/install/vision/lib/python3.10/site-packages/vision/__pycache__/data_recording.cpython-310.pyc
/home/hyunj/FiXit_ws/install/vision/lib/python3.10/site-packages/vision/__pycache__/finger_detector.cpython-310.pyc
/home/hyunj/FiXit_ws/install/vision/lib/python3.10/site-packages/vision/__pycache__/create_data_dirs.cpython-310.pyc
/home/hyunj/FiXit_ws/install/vision/lib/python3.10/site-packages/vision/__pycache__/move_images.cpython-310.pyc
/home/hyunj/FiXit_ws/install/vision/lib/python3.10/site-packages/vision/__pycache__/open_grip.cpython-310.pyc
/home/hyunj/FiXit_ws/install/vision/lib/python3.10/site-packages/vision/__pycache__/yolo_finger.cpython-310.pyc
/home/hyunj/FiXit_ws/install/vision/lib/python3.10/site-packages/vision/__pycache__/move_labels.cpython-310.pyc
/home/hyunj/FiXit_ws/install/vision/lib/python3.10/site-packages/vision/__pycache__/label_remapping.cpython-310.pyc
/home/hyunj/FiXit_ws/install/vision/lib/python3.10/site-packages/vision/__pycache__/go_home.cpython-310.pyc
/home/hyunj/FiXit_ws/install/vision/lib/python3.10/site-packages/vision/__pycache__/close_grip.cpython-310.pyc
/home/hyunj/FiXit_ws/install/vision/lib/python3.10/site-packages/vision/__pycache__/ros_move.cpython-310.pyc
/home/hyunj/FiXit_ws/install/vision/lib/python3.10/site-packages/vision/__pycache__/__init__.cpython-310.pyc
/home/hyunj/FiXit_ws/install/vision/lib/python3.10/site-packages/vision/__pycache__/ros_yolo_finger.cpython-310.pyc
/home/hyunj/FiXit_ws/install/vision/share/ament_index/resource_index/packages/vision
/home/hyunj/FiXit_ws/install/vision/share/vision/package.xml
/home/hyunj/FiXit_ws/install/vision/lib/python3.10/site-packages/vision-0.0.0-py3.10.egg-info/top_level.txt
/home/hyunj/FiXit_ws/install/vision/lib/python3.10/site-packages/vision-0.0.0-py3.10.egg-info/SOURCES.txt
/home/hyunj/FiXit_ws/install/vision/lib/python3.10/site-packages/vision-0.0.0-py3.10.egg-info/dependency_links.txt
/home/hyunj/FiXit_ws/install/vision/lib/python3.10/site-packages/vision-0.0.0-py3.10.egg-info/requires.txt
/home/hyunj/FiXit_ws/install/vision/lib/python3.10/site-packages/vision-0.0.0-py3.10.egg-info/PKG-INFO
/home/hyunj/FiXit_ws/install/vision/lib/python3.10/site-packages/vision-0.0.0-py3.10.egg-info/zip-safe
/home/hyunj/FiXit_ws/install/vision/lib/python3.10/site-packages/vision-0.0.0-py3.10.egg-info/entry_points.txt
/home/hyunj/FiXit_ws/install/vision/lib/vision/close_grip
/home/hyunj/FiXit_ws/install/vision/lib/vision/go_home
/home/hyunj/FiXit_ws/install/vision/lib/vision/open_grip
/home/hyunj/FiXit_ws/install/vision/lib/vision/ros_move
/home/hyunj/FiXit_ws/install/vision/lib/vision/ros_yolo
