[0.442s] Invoking command in '/home/hyunj/FiXit_ws/src/vision': PYTHONPATH=/home/hyunj/FiXit_ws/build/vision/prefix_override:/usr/lib/python3/dist-packages/colcon_core/task/python/colcon_distutils_commands:/home/hyunj/FiXit_ws/install/vision/lib/python3.10/site-packages:${PYTHONPATH} /usr/bin/python3 -W ignore:setup.py install is deprecated -W ignore:easy_install command is deprecated setup.py egg_info --egg-base ../../build/vision build --build-base /home/hyunj/FiXit_ws/build/vision/build install --record /home/hyunj/FiXit_ws/build/vision/install.log --single-version-externally-managed install_data
[0.612s] running egg_info
[0.613s] writing ../../build/vision/vision.egg-info/PKG-INFO
[0.613s] writing dependency_links to ../../build/vision/vision.egg-info/dependency_links.txt
[0.613s] writing entry points to ../../build/vision/vision.egg-info/entry_points.txt
[0.613s] writing requirements to ../../build/vision/vision.egg-info/requires.txt
[0.614s] writing top-level names to ../../build/vision/vision.egg-info/top_level.txt
[0.615s] reading manifest file '../../build/vision/vision.egg-info/SOURCES.txt'
[0.616s] writing manifest file '../../build/vision/vision.egg-info/SOURCES.txt'
[0.616s] running build
[0.616s] running build_py
[0.616s] copying vision/move_images.py -> /home/hyunj/FiXit_ws/build/vision/build/lib/vision
[0.617s] copying vision/move_labels.py -> /home/hyunj/FiXit_ws/build/vision/build/lib/vision
[0.617s] copying vision/ros_yolo_finger.py -> /home/hyunj/FiXit_ws/build/vision/build/lib/vision
[0.617s] running install
[0.617s] running install_lib
[0.618s] copying /home/hyunj/FiXit_ws/build/vision/build/lib/vision/move_images.py -> /home/hyunj/FiXit_ws/install/vision/lib/python3.10/site-packages/vision
[0.618s] copying /home/hyunj/FiXit_ws/build/vision/build/lib/vision/move_labels.py -> /home/hyunj/FiXit_ws/install/vision/lib/python3.10/site-packages/vision
[0.618s] copying /home/hyunj/FiXit_ws/build/vision/build/lib/vision/ros_yolo_finger.py -> /home/hyunj/FiXit_ws/install/vision/lib/python3.10/site-packages/vision
[0.619s] byte-compiling /home/hyunj/FiXit_ws/install/vision/lib/python3.10/site-packages/vision/move_images.py to move_images.cpython-310.pyc
[0.620s] byte-compiling /home/hyunj/FiXit_ws/install/vision/lib/python3.10/site-packages/vision/move_labels.py to move_labels.cpython-310.pyc
[0.620s] byte-compiling /home/hyunj/FiXit_ws/install/vision/lib/python3.10/site-packages/vision/ros_yolo_finger.py to ros_yolo_finger.cpython-310.pyc
[0.624s] running install_data
[0.624s] running install_egg_info
[0.625s] removing '/home/hyunj/FiXit_ws/install/vision/lib/python3.10/site-packages/vision-0.0.0-py3.10.egg-info' (and everything under it)
[0.626s] Copying ../../build/vision/vision.egg-info to /home/hyunj/FiXit_ws/install/vision/lib/python3.10/site-packages/vision-0.0.0-py3.10.egg-info
[0.626s] running install_scripts
[0.641s] Installing ros_yolo script to /home/hyunj/FiXit_ws/install/vision/lib/vision
[0.641s] writing list of installed files to '/home/hyunj/FiXit_ws/build/vision/install.log'
[0.656s] Invoked command in '/home/hyunj/FiXit_ws/src/vision' returned '0': PYTHONPATH=/home/hyunj/FiXit_ws/build/vision/prefix_override:/usr/lib/python3/dist-packages/colcon_core/task/python/colcon_distutils_commands:/home/hyunj/FiXit_ws/install/vision/lib/python3.10/site-packages:${PYTHONPATH} /usr/bin/python3 -W ignore:setup.py install is deprecated -W ignore:easy_install command is deprecated setup.py egg_info --egg-base ../../build/vision build --build-base /home/hyunj/FiXit_ws/build/vision/build install --record /home/hyunj/FiXit_ws/build/vision/install.log --single-version-externally-managed install_data
