running egg_info
creating ../../build/vision/vision.egg-info
writing ../../build/vision/vision.egg-info/PKG-INFO
writing dependency_links to ../../build/vision/vision.egg-info/dependency_links.txt
writing entry points to ../../build/vision/vision.egg-info/entry_points.txt
writing requirements to ../../build/vision/vision.egg-info/requires.txt
writing top-level names to ../../build/vision/vision.egg-info/top_level.txt
writing manifest file '../../build/vision/vision.egg-info/SOURCES.txt'
reading manifest file '../../build/vision/vision.egg-info/SOURCES.txt'
writing manifest file '../../build/vision/vision.egg-info/SOURCES.txt'
running build
running build_py
creating /home/hyunj/FiXit_ws/build/vision/build
creating /home/hyunj/FiXit_ws/build/vision/build/lib
creating /home/hyunj/FiXit_ws/build/vision/build/lib/vision
copying vision/data_recording.py -> /home/hyunj/FiXit_ws/build/vision/build/lib/vision
copying vision/create_data_dirs.py -> /home/hyunj/FiXit_ws/build/vision/build/lib/vision
copying vision/move_images.py -> /home/hyunj/FiXit_ws/build/vision/build/lib/vision
copying vision/finger_point_detector.py -> /home/hyunj/FiXit_ws/build/vision/build/lib/vision
copying vision/yolo_finger.py -> /home/hyunj/FiXit_ws/build/vision/build/lib/vision
copying vision/move_labels.py -> /home/hyunj/FiXit_ws/build/vision/build/lib/vision
copying vision/__init__.py -> /home/hyunj/FiXit_ws/build/vision/build/lib/vision
running install
running install_lib
creating /home/hyunj/FiXit_ws/install/vision/lib/python3.10/site-packages/vision
copying /home/hyunj/FiXit_ws/build/vision/build/lib/vision/data_recording.py -> /home/hyunj/FiXit_ws/install/vision/lib/python3.10/site-packages/vision
copying /home/hyunj/FiXit_ws/build/vision/build/lib/vision/create_data_dirs.py -> /home/hyunj/FiXit_ws/install/vision/lib/python3.10/site-packages/vision
copying /home/hyunj/FiXit_ws/build/vision/build/lib/vision/move_images.py -> /home/hyunj/FiXit_ws/install/vision/lib/python3.10/site-packages/vision
copying /home/hyunj/FiXit_ws/build/vision/build/lib/vision/finger_point_detector.py -> /home/hyunj/FiXit_ws/install/vision/lib/python3.10/site-packages/vision
copying /home/hyunj/FiXit_ws/build/vision/build/lib/vision/yolo_finger.py -> /home/hyunj/FiXit_ws/install/vision/lib/python3.10/site-packages/vision
copying /home/hyunj/FiXit_ws/build/vision/build/lib/vision/move_labels.py -> /home/hyunj/FiXit_ws/install/vision/lib/python3.10/site-packages/vision
copying /home/hyunj/FiXit_ws/build/vision/build/lib/vision/__init__.py -> /home/hyunj/FiXit_ws/install/vision/lib/python3.10/site-packages/vision
byte-compiling /home/hyunj/FiXit_ws/install/vision/lib/python3.10/site-packages/vision/data_recording.py to data_recording.cpython-310.pyc
byte-compiling /home/hyunj/FiXit_ws/install/vision/lib/python3.10/site-packages/vision/create_data_dirs.py to create_data_dirs.cpython-310.pyc
byte-compiling /home/hyunj/FiXit_ws/install/vision/lib/python3.10/site-packages/vision/move_images.py to move_images.cpython-310.pyc
byte-compiling /home/hyunj/FiXit_ws/install/vision/lib/python3.10/site-packages/vision/finger_point_detector.py to finger_point_detector.cpython-310.pyc
byte-compiling /home/hyunj/FiXit_ws/install/vision/lib/python3.10/site-packages/vision/yolo_finger.py to yolo_finger.cpython-310.pyc
byte-compiling /home/hyunj/FiXit_ws/install/vision/lib/python3.10/site-packages/vision/move_labels.py to move_labels.cpython-310.pyc
byte-compiling /home/hyunj/FiXit_ws/install/vision/lib/python3.10/site-packages/vision/__init__.py to __init__.cpython-310.pyc
running install_data
creating /home/hyunj/FiXit_ws/install/vision/share/ament_index
creating /home/hyunj/FiXit_ws/install/vision/share/ament_index/resource_index
creating /home/hyunj/FiXit_ws/install/vision/share/ament_index/resource_index/packages
copying resource/vision -> /home/hyunj/FiXit_ws/install/vision/share/ament_index/resource_index/packages
copying package.xml -> /home/hyunj/FiXit_ws/install/vision/share/vision
running install_egg_info
Copying ../../build/vision/vision.egg-info to /home/hyunj/FiXit_ws/install/vision/lib/python3.10/site-packages/vision-0.0.0-py3.10.egg-info
running install_scripts
writing list of installed files to '/home/hyunj/FiXit_ws/build/vision/install.log'
