[0.509s] Invoking command in '/home/hyunj/FiXit_ws/src/vision': PYTHONPATH=/home/hyunj/FiXit_ws/build/vision/prefix_override:/usr/lib/python3/dist-packages/colcon_core/task/python/colcon_distutils_commands:/home/hyunj/FiXit_ws/install/vision/lib/python3.10/site-packages:${PYTHONPATH} /usr/bin/python3 -W ignore:setup.py install is deprecated -W ignore:easy_install command is deprecated setup.py egg_info --egg-base ../../build/vision build --build-base /home/hyunj/FiXit_ws/build/vision/build install --record /home/hyunj/FiXit_ws/build/vision/install.log --single-version-externally-managed install_data
[0.691s] running egg_info
[0.692s] creating ../../build/vision/vision.egg-info
[0.692s] writing ../../build/vision/vision.egg-info/PKG-INFO
[0.692s] writing dependency_links to ../../build/vision/vision.egg-info/dependency_links.txt
[0.692s] writing entry points to ../../build/vision/vision.egg-info/entry_points.txt
[0.692s] writing requirements to ../../build/vision/vision.egg-info/requires.txt
[0.692s] writing top-level names to ../../build/vision/vision.egg-info/top_level.txt
[0.692s] writing manifest file '../../build/vision/vision.egg-info/SOURCES.txt'
[0.693s] reading manifest file '../../build/vision/vision.egg-info/SOURCES.txt'
[0.694s] writing manifest file '../../build/vision/vision.egg-info/SOURCES.txt'
[0.694s] running build
[0.694s] running build_py
[0.694s] creating /home/hyunj/FiXit_ws/build/vision/build
[0.694s] creating /home/hyunj/FiXit_ws/build/vision/build/lib
[0.694s] creating /home/hyunj/FiXit_ws/build/vision/build/lib/vision
[0.694s] copying vision/data_recording.py -> /home/hyunj/FiXit_ws/build/vision/build/lib/vision
[0.694s] copying vision/create_data_dirs.py -> /home/hyunj/FiXit_ws/build/vision/build/lib/vision
[0.694s] copying vision/move_images.py -> /home/hyunj/FiXit_ws/build/vision/build/lib/vision
[0.694s] copying vision/finger_point_detector.py -> /home/hyunj/FiXit_ws/build/vision/build/lib/vision
[0.694s] copying vision/yolo_finger.py -> /home/hyunj/FiXit_ws/build/vision/build/lib/vision
[0.694s] copying vision/move_labels.py -> /home/hyunj/FiXit_ws/build/vision/build/lib/vision
[0.695s] copying vision/__init__.py -> /home/hyunj/FiXit_ws/build/vision/build/lib/vision
[0.695s] running install
[0.695s] running install_lib
[0.695s] creating /home/hyunj/FiXit_ws/install/vision/lib/python3.10/site-packages/vision
[0.695s] copying /home/hyunj/FiXit_ws/build/vision/build/lib/vision/data_recording.py -> /home/hyunj/FiXit_ws/install/vision/lib/python3.10/site-packages/vision
[0.695s] copying /home/hyunj/FiXit_ws/build/vision/build/lib/vision/create_data_dirs.py -> /home/hyunj/FiXit_ws/install/vision/lib/python3.10/site-packages/vision
[0.695s] copying /home/hyunj/FiXit_ws/build/vision/build/lib/vision/move_images.py -> /home/hyunj/FiXit_ws/install/vision/lib/python3.10/site-packages/vision
[0.696s] copying /home/hyunj/FiXit_ws/build/vision/build/lib/vision/finger_point_detector.py -> /home/hyunj/FiXit_ws/install/vision/lib/python3.10/site-packages/vision
[0.696s] copying /home/hyunj/FiXit_ws/build/vision/build/lib/vision/yolo_finger.py -> /home/hyunj/FiXit_ws/install/vision/lib/python3.10/site-packages/vision
[0.696s] copying /home/hyunj/FiXit_ws/build/vision/build/lib/vision/move_labels.py -> /home/hyunj/FiXit_ws/install/vision/lib/python3.10/site-packages/vision
[0.696s] copying /home/hyunj/FiXit_ws/build/vision/build/lib/vision/__init__.py -> /home/hyunj/FiXit_ws/install/vision/lib/python3.10/site-packages/vision
[0.696s] byte-compiling /home/hyunj/FiXit_ws/install/vision/lib/python3.10/site-packages/vision/data_recording.py to data_recording.cpython-310.pyc
[0.696s] byte-compiling /home/hyunj/FiXit_ws/install/vision/lib/python3.10/site-packages/vision/create_data_dirs.py to create_data_dirs.cpython-310.pyc
[0.697s] byte-compiling /home/hyunj/FiXit_ws/install/vision/lib/python3.10/site-packages/vision/move_images.py to move_images.cpython-310.pyc
[0.697s] byte-compiling /home/hyunj/FiXit_ws/install/vision/lib/python3.10/site-packages/vision/finger_point_detector.py to finger_point_detector.cpython-310.pyc
[0.698s] byte-compiling /home/hyunj/FiXit_ws/install/vision/lib/python3.10/site-packages/vision/yolo_finger.py to yolo_finger.cpython-310.pyc
[0.700s] byte-compiling /home/hyunj/FiXit_ws/install/vision/lib/python3.10/site-packages/vision/move_labels.py to move_labels.cpython-310.pyc
[0.700s] byte-compiling /home/hyunj/FiXit_ws/install/vision/lib/python3.10/site-packages/vision/__init__.py to __init__.cpython-310.pyc
[0.700s] running install_data
[0.700s] creating /home/hyunj/FiXit_ws/install/vision/share/ament_index
[0.700s] creating /home/hyunj/FiXit_ws/install/vision/share/ament_index/resource_index
[0.700s] creating /home/hyunj/FiXit_ws/install/vision/share/ament_index/resource_index/packages
[0.700s] copying resource/vision -> /home/hyunj/FiXit_ws/install/vision/share/ament_index/resource_index/packages
[0.700s] copying package.xml -> /home/hyunj/FiXit_ws/install/vision/share/vision
[0.700s] running install_egg_info
[0.702s] Copying ../../build/vision/vision.egg-info to /home/hyunj/FiXit_ws/install/vision/lib/python3.10/site-packages/vision-0.0.0-py3.10.egg-info
[0.702s] running install_scripts
[0.718s] writing list of installed files to '/home/hyunj/FiXit_ws/build/vision/install.log'
[0.734s] Invoked command in '/home/hyunj/FiXit_ws/src/vision' returned '0': PYTHONPATH=/home/hyunj/FiXit_ws/build/vision/prefix_override:/usr/lib/python3/dist-packages/colcon_core/task/python/colcon_distutils_commands:/home/hyunj/FiXit_ws/install/vision/lib/python3.10/site-packages:${PYTHONPATH} /usr/bin/python3 -W ignore:setup.py install is deprecated -W ignore:easy_install command is deprecated setup.py egg_info --egg-base ../../build/vision build --build-base /home/hyunj/FiXit_ws/build/vision/build install --record /home/hyunj/FiXit_ws/build/vision/install.log --single-version-externally-managed install_data
