[0.447s] Invoking command in '/home/hyunj/FiXit_ws/src/vision': PYTHONPATH=/home/hyunj/FiXit_ws/build/vision/prefix_override:/usr/lib/python3/dist-packages/colcon_core/task/python/colcon_distutils_commands:/home/hyunj/FiXit_ws/install/vision/lib/python3.10/site-packages:${PYTHONPATH} /usr/bin/python3 -W ignore:setup.py install is deprecated -W ignore:easy_install command is deprecated setup.py egg_info --egg-base ../../build/vision build --build-base /home/hyunj/FiXit_ws/build/vision/build install --record /home/hyunj/FiXit_ws/build/vision/install.log --single-version-externally-managed install_data
[0.648s] running egg_info
[0.648s] writing ../../build/vision/vision.egg-info/PKG-INFO
[0.649s] writing dependency_links to ../../build/vision/vision.egg-info/dependency_links.txt
[0.649s] writing entry points to ../../build/vision/vision.egg-info/entry_points.txt
[0.649s] writing requirements to ../../build/vision/vision.egg-info/requires.txt
[0.649s] writing top-level names to ../../build/vision/vision.egg-info/top_level.txt
[0.650s] reading manifest file '../../build/vision/vision.egg-info/SOURCES.txt'
[0.651s] writing manifest file '../../build/vision/vision.egg-info/SOURCES.txt'
[0.651s] running build
[0.651s] running build_py
[0.651s] copying vision/finger_detector.py -> /home/hyunj/FiXit_ws/build/vision/build/lib/vision
[0.651s] copying vision/ros_yolo_finger.py -> /home/hyunj/FiXit_ws/build/vision/build/lib/vision
[0.651s] running install
[0.652s] running install_lib
[0.652s] copying /home/hyunj/FiXit_ws/build/vision/build/lib/vision/finger_detector.py -> /home/hyunj/FiXit_ws/install/vision/lib/python3.10/site-packages/vision
[0.652s] copying /home/hyunj/FiXit_ws/build/vision/build/lib/vision/ros_yolo_finger.py -> /home/hyunj/FiXit_ws/install/vision/lib/python3.10/site-packages/vision
[0.653s] byte-compiling /home/hyunj/FiXit_ws/install/vision/lib/python3.10/site-packages/vision/finger_detector.py to finger_detector.cpython-310.pyc
[0.654s] byte-compiling /home/hyunj/FiXit_ws/install/vision/lib/python3.10/site-packages/vision/ros_yolo_finger.py to ros_yolo_finger.cpython-310.pyc
[0.656s] running install_data
[0.656s] running install_egg_info
[0.657s] removing '/home/hyunj/FiXit_ws/install/vision/lib/python3.10/site-packages/vision-0.0.0-py3.10.egg-info' (and everything under it)
[0.657s] Copying ../../build/vision/vision.egg-info to /home/hyunj/FiXit_ws/install/vision/lib/python3.10/site-packages/vision-0.0.0-py3.10.egg-info
[0.658s] running install_scripts
[0.673s] Installing ros_yolo script to /home/hyunj/FiXit_ws/install/vision/lib/vision
[0.673s] writing list of installed files to '/home/hyunj/FiXit_ws/build/vision/install.log'
[0.690s] Invoked command in '/home/hyunj/FiXit_ws/src/vision' returned '0': PYTHONPATH=/home/hyunj/FiXit_ws/build/vision/prefix_override:/usr/lib/python3/dist-packages/colcon_core/task/python/colcon_distutils_commands:/home/hyunj/FiXit_ws/install/vision/lib/python3.10/site-packages:${PYTHONPATH} /usr/bin/python3 -W ignore:setup.py install is deprecated -W ignore:easy_install command is deprecated setup.py egg_info --egg-base ../../build/vision build --build-base /home/hyunj/FiXit_ws/build/vision/build install --record /home/hyunj/FiXit_ws/build/vision/install.log --single-version-externally-managed install_data
