running egg_info
writing ../../build/vision/vision.egg-info/PKG-INFO
writing dependency_links to ../../build/vision/vision.egg-info/dependency_links.txt
writing entry points to ../../build/vision/vision.egg-info/entry_points.txt
writing requirements to ../../build/vision/vision.egg-info/requires.txt
writing top-level names to ../../build/vision/vision.egg-info/top_level.txt
reading manifest file '../../build/vision/vision.egg-info/SOURCES.txt'
writing manifest file '../../build/vision/vision.egg-info/SOURCES.txt'
running build
running build_py
copying vision/data_recording.py -> /home/hyunj/FiXit_ws/build/vision/build/lib/vision
copying vision/ros_yolo_finger.py -> /home/hyunj/FiXit_ws/build/vision/build/lib/vision
running install
running install_lib
copying /home/hyunj/FiXit_ws/build/vision/build/lib/vision/data_recording.py -> /home/hyunj/FiXit_ws/install/vision/lib/python3.10/site-packages/vision
copying /home/hyunj/FiXit_ws/build/vision/build/lib/vision/ros_yolo_finger.py -> /home/hyunj/FiXit_ws/install/vision/lib/python3.10/site-packages/vision
byte-compiling /home/hyunj/FiXit_ws/install/vision/lib/python3.10/site-packages/vision/data_recording.py to data_recording.cpython-310.pyc
byte-compiling /home/hyunj/FiXit_ws/install/vision/lib/python3.10/site-packages/vision/ros_yolo_finger.py to ros_yolo_finger.cpython-310.pyc
running install_data
running install_egg_info
removing '/home/hyunj/FiXit_ws/install/vision/lib/python3.10/site-packages/vision-0.0.0-py3.10.egg-info' (and everything under it)
Copying ../../build/vision/vision.egg-info to /home/hyunj/FiXit_ws/install/vision/lib/python3.10/site-packages/vision-0.0.0-py3.10.egg-info
running install_scripts
Installing ros_yolo script to /home/hyunj/FiXit_ws/install/vision/lib/vision
writing list of installed files to '/home/hyunj/FiXit_ws/build/vision/install.log'
